{
    "events": [
        {
            "data": [
                "0x0",
                "0xa"
            ],
            "from_address": "0x273078f19eae2ad8aae94d1c0745fd3e7b758828c704e130cff0658a281f004",
            "keys": [
                "0x3db3da4221c078e78bd987e54e1cc24570d89a7002cefa33e548d6c72c73f9d"
            ]
        },
        {
            "data": [
                "0x347be35996a21f6bf0623e75dbce52baba918ad5ae8d83b6f416045ab22961a",
                "0x6c4ae5be723ab0402cd675e7f8e1cf5a775e972e6f080ad0b842f40ec202a69",
                "0x5a4aae6600",
                "0x0"
            ],
            "from_address": "0x62230ea046a9a5fbc261ac77d03c8d41e5d442db2284587570ab46455fd2488",
            "keys": [
                "0x99cd8bde557814842a3121e8ddfd433a539b8c9f14bf31ebf108d12e6196e9"
            ]
        }
    ]
}